// Jest Snapshot v1, https://goo.gl/fbAQLP

exports[`Test for Slice should render correctly 1`] = `
<Fragment>
  <g>
    <styles__Slice
      pathFunction={[Function]}
      slice={Object {}}
      style={
        Object {
          "fill": "transparent",
        }
      }
    />
    <styles__Slice
      pathFunction={[Function]}
      slice={Object {}}
      style={Object {}}
    />
  </g>
</Fragment>
`;
