// Jest Snapshot v1, https://goo.gl/fbAQLP

exports[`Test for SelectField should filter values on input change while searchable 1`] = `
<Fragment>
  <GlobalStyleComponent />
  <ClickOutside
    onOutsideClick={[Function]}
  >
    <SelectFieldstyles__Container
      emptyMessage="Vazio"
      multiple={false}
      searchable={true}
      value={null}
      values={null}
    >
      <SelectFieldstyles__Hint
        visible={true}
      />
      <SimpleDropDown
        autoPosition={true}
        containerSize={false}
        customButton={
          <ForwardRef(SelectFieldstyles__InputShell)
            basic={true}
            disabled={false}
            error={false}
            onClick={[Function]}
            onFocus={[Function]}
            onKeyDown={[Function]}
            onMouseEnter={[Function]}
            onMouseLeave={[Function]}
            open={true}
            tabIndex="0"
          >
            <ForwardRef(SelectFieldstyles__Input)
              basic={true}
              disabled={false}
              multiple={false}
              onChange={[Function]}
              onFocus={[Function]}
              value="otr"
            />
          </ForwardRef(SelectFieldstyles__InputShell)>
        }
        hasOutsideLabel={false}
        label=""
        open={true}
        position="bottom-left"
        window={[Window]}
      >
        <SelectFieldstyles__OptionsContainer>
          <SelectFieldstyles__Option
            checked={false}
            data-label="otr2"
            data-value="2"
            focused={false}
            key="2191"
            onClick={[Function]}
            value="2"
          >
            <div>
              <span>
                otr
              </span>
              2
            </div>
          </SelectFieldstyles__Option>
          <SelectFieldstyles__Option
            checked={false}
            data-label="otr5"
            data-value="5"
            focused={false}
            key="5192"
            onClick={[Function]}
            value="5"
          >
            <div>
              <span>
                otr
              </span>
              5
            </div>
          </SelectFieldstyles__Option>
        </SelectFieldstyles__OptionsContainer>
      </SimpleDropDown>
      <SelectFieldstyles__Icon
        error={false}
        hide={false}
      />
      <SelectFieldstyles__Close
        onClick={[Function]}
        onMouseEnter={[Function]}
        show={false}
      />
    </SelectFieldstyles__Container>
  </ClickOutside>
</Fragment>
`;

exports[`Test for SelectField should render correctly disabled 1`] = `
<Fragment>
  <GlobalStyleComponent />
  <ClickOutside
    onOutsideClick={[Function]}
  >
    <SelectFieldstyles__Container
      emptyMessage="Vazio"
      multiple={false}
      searchable={false}
      value={null}
      values={null}
    >
      <SelectFieldstyles__Hint
        visible={true}
      />
      <SimpleDropDown
        autoPosition={true}
        containerSize={false}
        customButton={
          <ForwardRef(SelectFieldstyles__InputShell)
            basic={false}
            disabled={true}
            error={false}
            onClick={[Function]}
            onFocus={[Function]}
            onKeyDown={[Function]}
            onMouseEnter={[Function]}
            onMouseLeave={[Function]}
            open={false}
            tabIndex="0"
          >
            <ForwardRef(SelectFieldstyles__Input)
              basic={false}
              disabled={true}
              multiple={false}
              onChange={[Function]}
              onFocus={[Function]}
              value=""
            />
          </ForwardRef(SelectFieldstyles__InputShell)>
        }
        hasOutsideLabel={false}
        label=""
        open={false}
        position="bottom-left"
        window={[Window]}
      >
        <SelectFieldstyles__OptionsContainer>
          <SelectFieldstyles__Option
            checked={false}
            data-label="mock1"
            data-value="1"
            focused={false}
            key="16"
            onClick={false}
            value="1"
          >
            mock1
          </SelectFieldstyles__Option>
          <SelectFieldstyles__Option
            checked={false}
            data-label="otr2"
            data-value="2"
            focused={false}
            key="27"
            onClick={false}
            value="2"
          >
            otr2
          </SelectFieldstyles__Option>
          <SelectFieldstyles__Option
            checked={false}
            data-label="mock 3"
            data-value="3"
            focused={false}
            key="38"
            label="mock 3"
            onClick={false}
            value="3"
          >
            mock3
          </SelectFieldstyles__Option>
          <SelectFieldstyles__Option
            checked={false}
            data-label="mock4"
            data-value="4"
            focused={false}
            key="49"
            onClick={false}
            value="4"
          >
            mock4
          </SelectFieldstyles__Option>
          <SelectFieldstyles__Option
            checked={false}
            data-label="otr5"
            data-value="5"
            focused={false}
            key="510"
            onClick={false}
            value="5"
          >
            otr5
          </SelectFieldstyles__Option>
        </SelectFieldstyles__OptionsContainer>
      </SimpleDropDown>
      <SelectFieldstyles__Icon
        error={false}
        hide={false}
      />
      <SelectFieldstyles__Close
        onClick={[Function]}
        onMouseEnter={[Function]}
        show={false}
      />
    </SelectFieldstyles__Container>
  </ClickOutside>
</Fragment>
`;

exports[`Test for SelectField should render correctly with errorMessage 1`] = `
<Fragment>
  <GlobalStyleComponent />
  <ClickOutside
    onOutsideClick={[Function]}
  >
    <SelectFieldstyles__Container
      emptyMessage="Vazio"
      multiple={false}
      searchable={false}
      value={null}
      values={null}
    >
      <SelectFieldstyles__Hint
        visible={true}
      />
      <SelectFieldstyles__Error
        visible={true}
      >
        errorMessage
      </SelectFieldstyles__Error>
      <SimpleDropDown
        autoPosition={true}
        containerSize={false}
        customButton={
          <ForwardRef(SelectFieldstyles__InputShell)
            basic={false}
            disabled={false}
            error={true}
            onClick={[Function]}
            onFocus={[Function]}
            onKeyDown={[Function]}
            onMouseEnter={[Function]}
            onMouseLeave={[Function]}
            open={false}
            tabIndex="0"
          >
            <ForwardRef(SelectFieldstyles__Input)
              basic={false}
              disabled={false}
              multiple={false}
              onChange={[Function]}
              onFocus={[Function]}
              value=""
            />
          </ForwardRef(SelectFieldstyles__InputShell)>
        }
        hasOutsideLabel={false}
        label=""
        open={false}
        position="bottom-left"
        window={[Window]}
      >
        <SelectFieldstyles__OptionsContainer>
          <SelectFieldstyles__Option
            checked={false}
            data-label="mock1"
            data-value="1"
            focused={false}
            key="131"
            onClick={[Function]}
            value="1"
          >
            mock1
          </SelectFieldstyles__Option>
          <SelectFieldstyles__Option
            checked={false}
            data-label="otr2"
            data-value="2"
            focused={false}
            key="232"
            onClick={[Function]}
            value="2"
          >
            otr2
          </SelectFieldstyles__Option>
          <SelectFieldstyles__Option
            checked={false}
            data-label="mock 3"
            data-value="3"
            focused={false}
            key="333"
            label="mock 3"
            onClick={[Function]}
            value="3"
          >
            mock3
          </SelectFieldstyles__Option>
          <SelectFieldstyles__Option
            checked={false}
            data-label="mock4"
            data-value="4"
            focused={false}
            key="434"
            onClick={[Function]}
            value="4"
          >
            mock4
          </SelectFieldstyles__Option>
          <SelectFieldstyles__Option
            checked={false}
            data-label="otr5"
            data-value="5"
            focused={false}
            key="535"
            onClick={[Function]}
            value="5"
          >
            otr5
          </SelectFieldstyles__Option>
        </SelectFieldstyles__OptionsContainer>
      </SimpleDropDown>
      <SelectFieldstyles__Icon
        error={true}
        hide={false}
      />
      <SelectFieldstyles__Close
        onClick={[Function]}
        onMouseEnter={[Function]}
        show={false}
      />
    </SelectFieldstyles__Container>
  </ClickOutside>
</Fragment>
`;

exports[`Test for SelectField should render correctly with hintText 1`] = `
<Fragment>
  <GlobalStyleComponent />
  <ClickOutside
    onOutsideClick={[Function]}
  >
    <SelectFieldstyles__Container
      emptyMessage="Vazio"
      multiple={false}
      searchable={false}
      value={null}
      values={null}
    >
      <SelectFieldstyles__Hint
        visible={true}
      >
        hint text
      </SelectFieldstyles__Hint>
      <SimpleDropDown
        autoPosition={true}
        containerSize={false}
        customButton={
          <ForwardRef(SelectFieldstyles__InputShell)
            basic={false}
            disabled={false}
            error={false}
            onClick={[Function]}
            onFocus={[Function]}
            onKeyDown={[Function]}
            onMouseEnter={[Function]}
            onMouseLeave={[Function]}
            open={false}
            tabIndex="0"
          >
            <ForwardRef(SelectFieldstyles__Input)
              basic={false}
              disabled={false}
              multiple={false}
              onChange={[Function]}
              onFocus={[Function]}
              value=""
            />
          </ForwardRef(SelectFieldstyles__InputShell)>
        }
        hasOutsideLabel={false}
        label=""
        open={false}
        position="bottom-left"
        window={[Window]}
      >
        <SelectFieldstyles__OptionsContainer>
          <SelectFieldstyles__Option
            checked={false}
            data-label="mock1"
            data-value="1"
            focused={false}
            key="121"
            onClick={[Function]}
            value="1"
          >
            mock1
          </SelectFieldstyles__Option>
          <SelectFieldstyles__Option
            checked={false}
            data-label="otr2"
            data-value="2"
            focused={false}
            key="222"
            onClick={[Function]}
            value="2"
          >
            otr2
          </SelectFieldstyles__Option>
          <SelectFieldstyles__Option
            checked={false}
            data-label="mock 3"
            data-value="3"
            focused={false}
            key="323"
            label="mock 3"
            onClick={[Function]}
            value="3"
          >
            mock3
          </SelectFieldstyles__Option>
          <SelectFieldstyles__Option
            checked={false}
            data-label="mock4"
            data-value="4"
            focused={false}
            key="424"
            onClick={[Function]}
            value="4"
          >
            mock4
          </SelectFieldstyles__Option>
          <SelectFieldstyles__Option
            checked={false}
            data-label="otr5"
            data-value="5"
            focused={false}
            key="525"
            onClick={[Function]}
            value="5"
          >
            otr5
          </SelectFieldstyles__Option>
        </SelectFieldstyles__OptionsContainer>
      </SimpleDropDown>
      <SelectFieldstyles__Icon
        error={false}
        hide={false}
      />
      <SelectFieldstyles__Close
        onClick={[Function]}
        onMouseEnter={[Function]}
        show={false}
      />
    </SelectFieldstyles__Container>
  </ClickOutside>
</Fragment>
`;

exports[`Test for SelectField should render correctly with label 1`] = `
<Fragment>
  <GlobalStyleComponent />
  <ClickOutside
    onOutsideClick={[Function]}
  >
    <SelectFieldstyles__Container
      emptyMessage="Vazio"
      multiple={false}
      searchable={false}
      value={null}
      values={null}
    >
      <SelectFieldstyles__Label
        disabled={false}
        error={false}
        focused={false}
        open={false}
      >
        label
      </SelectFieldstyles__Label>
      <SelectFieldstyles__Hint
        visible={false}
      />
      <SimpleDropDown
        autoPosition={true}
        containerSize={false}
        customButton={
          <ForwardRef(SelectFieldstyles__InputShell)
            basic={false}
            disabled={false}
            error={false}
            onClick={[Function]}
            onFocus={[Function]}
            onKeyDown={[Function]}
            onMouseEnter={[Function]}
            onMouseLeave={[Function]}
            open={false}
            tabIndex="0"
          >
            <ForwardRef(SelectFieldstyles__Input)
              basic={false}
              disabled={false}
              multiple={false}
              onChange={[Function]}
              onFocus={[Function]}
              value=""
            />
          </ForwardRef(SelectFieldstyles__InputShell)>
        }
        hasOutsideLabel={false}
        label=""
        open={false}
        position="bottom-left"
        window={[Window]}
      >
        <SelectFieldstyles__OptionsContainer>
          <SelectFieldstyles__Option
            checked={false}
            data-label="mock1"
            data-value="1"
            focused={false}
            key="111"
            onClick={[Function]}
            value="1"
          >
            mock1
          </SelectFieldstyles__Option>
          <SelectFieldstyles__Option
            checked={false}
            data-label="otr2"
            data-value="2"
            focused={false}
            key="212"
            onClick={[Function]}
            value="2"
          >
            otr2
          </SelectFieldstyles__Option>
          <SelectFieldstyles__Option
            checked={false}
            data-label="mock 3"
            data-value="3"
            focused={false}
            key="313"
            label="mock 3"
            onClick={[Function]}
            value="3"
          >
            mock3
          </SelectFieldstyles__Option>
          <SelectFieldstyles__Option
            checked={false}
            data-label="mock4"
            data-value="4"
            focused={false}
            key="414"
            onClick={[Function]}
            value="4"
          >
            mock4
          </SelectFieldstyles__Option>
          <SelectFieldstyles__Option
            checked={false}
            data-label="otr5"
            data-value="5"
            focused={false}
            key="515"
            onClick={[Function]}
            value="5"
          >
            otr5
          </SelectFieldstyles__Option>
        </SelectFieldstyles__OptionsContainer>
      </SimpleDropDown>
      <SelectFieldstyles__Icon
        error={false}
        hide={false}
      />
      <SelectFieldstyles__Close
        onClick={[Function]}
        onMouseEnter={[Function]}
        show={false}
      />
    </SelectFieldstyles__Container>
  </ClickOutside>
</Fragment>
`;

exports[`Test for SelectField should render correctly with multiple  1`] = `
<Fragment>
  <GlobalStyleComponent />
  <ClickOutside
    onOutsideClick={[Function]}
  >
    <SelectFieldstyles__Container
      emptyMessage="Vazio"
      multiple={true}
      searchable={false}
      value={null}
      values={null}
    >
      <SelectFieldstyles__Hint
        visible={true}
      />
      <SimpleDropDown
        autoPosition={true}
        containerSize={false}
        customButton={
          <ForwardRef(SelectFieldstyles__InputShell)
            basic={false}
            disabled={false}
            error={false}
            onClick={[Function]}
            onFocus={[Function]}
            onKeyDown={[Function]}
            onMouseEnter={[Function]}
            onMouseLeave={[Function]}
            open={false}
            tabIndex="0"
          >
            <ForwardRef(SelectFieldstyles__Tag)
              closable={true}
              onClose={[Function]}
            >
              2 Selecionados
            </ForwardRef(SelectFieldstyles__Tag)>
          </ForwardRef(SelectFieldstyles__InputShell)>
        }
        hasOutsideLabel={false}
        label=""
        open={false}
        position="bottom-left"
        window={[Window]}
      >
        <SelectFieldstyles__OptionsContainer>
          <SelectFieldstyles__Option
            checked={true}
            data-label="mock1"
            data-value="1"
            focused={false}
            key="161"
            onClick={[Function]}
            value="1"
          >
            mock1
            <SelectFieldstyles__Check />
          </SelectFieldstyles__Option>
          <SelectFieldstyles__Option
            checked={true}
            data-label="otr2"
            data-value="2"
            focused={false}
            key="262"
            onClick={[Function]}
            value="2"
          >
            otr2
            <SelectFieldstyles__Check />
          </SelectFieldstyles__Option>
          <SelectFieldstyles__Option
            checked={false}
            data-label="mock 3"
            data-value="3"
            focused={false}
            key="363"
            label="mock 3"
            onClick={[Function]}
            value="3"
          >
            mock3
          </SelectFieldstyles__Option>
          <SelectFieldstyles__Option
            checked={false}
            data-label="mock4"
            data-value="4"
            focused={false}
            key="464"
            onClick={[Function]}
            value="4"
          >
            mock4
          </SelectFieldstyles__Option>
          <SelectFieldstyles__Option
            checked={false}
            data-label="otr5"
            data-value="5"
            focused={false}
            key="565"
            onClick={[Function]}
            value="5"
          >
            otr5
          </SelectFieldstyles__Option>
        </SelectFieldstyles__OptionsContainer>
      </SimpleDropDown>
      <SelectFieldstyles__Icon
        error={false}
        hide={false}
      />
      <SelectFieldstyles__Close
        onClick={[Function]}
        onMouseEnter={[Function]}
        show={false}
      />
    </SelectFieldstyles__Container>
  </ClickOutside>
</Fragment>
`;

exports[`Test for SelectField should render correctly with multiple empty 1`] = `
<Fragment>
  <GlobalStyleComponent />
  <ClickOutside
    onOutsideClick={[Function]}
  >
    <SelectFieldstyles__Container
      emptyMessage="Vazio"
      multiple={true}
      searchable={false}
      value={null}
      values={null}
    >
      <SelectFieldstyles__Hint
        visible={true}
      />
      <SimpleDropDown
        autoPosition={true}
        containerSize={false}
        customButton={
          <ForwardRef(SelectFieldstyles__InputShell)
            basic={false}
            disabled={false}
            error={false}
            onClick={[Function]}
            onFocus={[Function]}
            onKeyDown={[Function]}
            onMouseEnter={[Function]}
            onMouseLeave={[Function]}
            open={false}
            tabIndex="0"
          />
        }
        hasOutsideLabel={false}
        label=""
        open={false}
        position="bottom-left"
        window={[Window]}
      >
        <SelectFieldstyles__OptionsContainer>
          <SelectFieldstyles__Option
            checked={false}
            data-label="mock1"
            data-value="1"
            focused={false}
            key="141"
            onClick={[Function]}
            value="1"
          >
            mock1
          </SelectFieldstyles__Option>
          <SelectFieldstyles__Option
            checked={false}
            data-label="otr2"
            data-value="2"
            focused={false}
            key="242"
            onClick={[Function]}
            value="2"
          >
            otr2
          </SelectFieldstyles__Option>
          <SelectFieldstyles__Option
            checked={false}
            data-label="mock 3"
            data-value="3"
            focused={false}
            key="343"
            label="mock 3"
            onClick={[Function]}
            value="3"
          >
            mock3
          </SelectFieldstyles__Option>
          <SelectFieldstyles__Option
            checked={false}
            data-label="mock4"
            data-value="4"
            focused={false}
            key="444"
            onClick={[Function]}
            value="4"
          >
            mock4
          </SelectFieldstyles__Option>
          <SelectFieldstyles__Option
            checked={false}
            data-label="otr5"
            data-value="5"
            focused={false}
            key="545"
            onClick={[Function]}
            value="5"
          >
            otr5
          </SelectFieldstyles__Option>
        </SelectFieldstyles__OptionsContainer>
      </SimpleDropDown>
      <SelectFieldstyles__Icon
        error={false}
        hide={false}
      />
      <SelectFieldstyles__Close
        onClick={[Function]}
        onMouseEnter={[Function]}
        show={false}
      />
    </SelectFieldstyles__Container>
  </ClickOutside>
</Fragment>
`;

exports[`Test for SelectField should render correctly with multiple single selection 1`] = `
<Fragment>
  <GlobalStyleComponent />
  <ClickOutside
    onOutsideClick={[Function]}
  >
    <SelectFieldstyles__Container
      emptyMessage="Vazio"
      multiple={true}
      searchable={false}
      value={null}
      values={null}
    >
      <SelectFieldstyles__Hint
        visible={true}
      />
      <SimpleDropDown
        autoPosition={true}
        containerSize={false}
        customButton={
          <ForwardRef(SelectFieldstyles__InputShell)
            basic={false}
            disabled={false}
            error={false}
            onClick={[Function]}
            onFocus={[Function]}
            onKeyDown={[Function]}
            onMouseEnter={[Function]}
            onMouseLeave={[Function]}
            open={false}
            tabIndex="0"
          >
            <ForwardRef(SelectFieldstyles__Tag)
              closable={true}
              onClose={[Function]}
            >
              One
            </ForwardRef(SelectFieldstyles__Tag)>
          </ForwardRef(SelectFieldstyles__InputShell)>
        }
        hasOutsideLabel={false}
        label=""
        open={false}
        position="bottom-left"
        window={[Window]}
      >
        <SelectFieldstyles__OptionsContainer>
          <SelectFieldstyles__Option
            checked={true}
            data-label="mock1"
            data-value="1"
            focused={false}
            key="151"
            onClick={[Function]}
            value="1"
          >
            mock1
            <SelectFieldstyles__Check />
          </SelectFieldstyles__Option>
          <SelectFieldstyles__Option
            checked={false}
            data-label="otr2"
            data-value="2"
            focused={false}
            key="252"
            onClick={[Function]}
            value="2"
          >
            otr2
          </SelectFieldstyles__Option>
          <SelectFieldstyles__Option
            checked={false}
            data-label="mock 3"
            data-value="3"
            focused={false}
            key="353"
            label="mock 3"
            onClick={[Function]}
            value="3"
          >
            mock3
          </SelectFieldstyles__Option>
          <SelectFieldstyles__Option
            checked={false}
            data-label="mock4"
            data-value="4"
            focused={false}
            key="454"
            onClick={[Function]}
            value="4"
          >
            mock4
          </SelectFieldstyles__Option>
          <SelectFieldstyles__Option
            checked={false}
            data-label="otr5"
            data-value="5"
            focused={false}
            key="555"
            onClick={[Function]}
            value="5"
          >
            otr5
          </SelectFieldstyles__Option>
        </SelectFieldstyles__OptionsContainer>
      </SimpleDropDown>
      <SelectFieldstyles__Icon
        error={false}
        hide={false}
      />
      <SelectFieldstyles__Close
        onClick={[Function]}
        onMouseEnter={[Function]}
        show={false}
      />
    </SelectFieldstyles__Container>
  </ClickOutside>
</Fragment>
`;

exports[`Test for SelectField should render correctly with open label 1`] = `
<Fragment>
  <GlobalStyleComponent />
  <ClickOutside
    onOutsideClick={[Function]}
  >
    <SelectFieldstyles__Container
      emptyMessage="Vazio"
      multiple={false}
      searchable={false}
      value={null}
      values={null}
    >
      <SelectFieldstyles__Label
        disabled={false}
        error={false}
        focused={true}
        open={false}
      >
        label
      </SelectFieldstyles__Label>
      <SelectFieldstyles__Hint
        visible={true}
      />
      <SimpleDropDown
        autoPosition={true}
        containerSize={false}
        customButton={
          <ForwardRef(SelectFieldstyles__InputShell)
            basic={false}
            disabled={false}
            error={false}
            onClick={[Function]}
            onFocus={[Function]}
            onKeyDown={[Function]}
            onMouseEnter={[Function]}
            onMouseLeave={[Function]}
            open={false}
            tabIndex="0"
          >
            <ForwardRef(SelectFieldstyles__Input)
              basic={false}
              disabled={false}
              multiple={false}
              onChange={[Function]}
              onFocus={[Function]}
              value=""
            />
          </ForwardRef(SelectFieldstyles__InputShell)>
        }
        hasOutsideLabel={false}
        label=""
        open={false}
        position="bottom-left"
        window={[Window]}
      >
        <SelectFieldstyles__OptionsContainer>
          <SelectFieldstyles__Option
            checked={false}
            data-label="mock1"
            data-value="1"
            focused={false}
            key="116"
            onClick={[Function]}
            value="1"
          >
            mock1
          </SelectFieldstyles__Option>
          <SelectFieldstyles__Option
            checked={false}
            data-label="otr2"
            data-value="2"
            focused={false}
            key="217"
            onClick={[Function]}
            value="2"
          >
            otr2
          </SelectFieldstyles__Option>
          <SelectFieldstyles__Option
            checked={false}
            data-label="mock 3"
            data-value="3"
            focused={false}
            key="318"
            label="mock 3"
            onClick={[Function]}
            value="3"
          >
            mock3
          </SelectFieldstyles__Option>
          <SelectFieldstyles__Option
            checked={false}
            data-label="mock4"
            data-value="4"
            focused={false}
            key="419"
            onClick={[Function]}
            value="4"
          >
            mock4
          </SelectFieldstyles__Option>
          <SelectFieldstyles__Option
            checked={false}
            data-label="otr5"
            data-value="5"
            focused={false}
            key="520"
            onClick={[Function]}
            value="5"
          >
            otr5
          </SelectFieldstyles__Option>
        </SelectFieldstyles__OptionsContainer>
      </SimpleDropDown>
      <SelectFieldstyles__Icon
        error={false}
        hide={false}
      />
      <SelectFieldstyles__Close
        onClick={[Function]}
        onMouseEnter={[Function]}
        show={false}
      />
    </SelectFieldstyles__Container>
  </ClickOutside>
</Fragment>
`;

exports[`Test for SelectField should render correctly with placeholder 1`] = `
<Fragment>
  <GlobalStyleComponent />
  <ClickOutside
    onOutsideClick={[Function]}
  >
    <SelectFieldstyles__Container
      emptyMessage="Vazio"
      multiple={false}
      searchable={false}
      value={null}
      values={null}
    >
      <SelectFieldstyles__Hint
        visible={true}
      >
        placeholder
      </SelectFieldstyles__Hint>
      <SimpleDropDown
        autoPosition={true}
        containerSize={false}
        customButton={
          <ForwardRef(SelectFieldstyles__InputShell)
            basic={false}
            disabled={false}
            error={false}
            onClick={[Function]}
            onFocus={[Function]}
            onKeyDown={[Function]}
            onMouseEnter={[Function]}
            onMouseLeave={[Function]}
            open={false}
            tabIndex="0"
          >
            <ForwardRef(SelectFieldstyles__Input)
              basic={false}
              disabled={false}
              multiple={false}
              onChange={[Function]}
              onFocus={[Function]}
              value=""
            />
          </ForwardRef(SelectFieldstyles__InputShell)>
        }
        hasOutsideLabel={false}
        label=""
        open={false}
        position="bottom-left"
        window={[Window]}
      >
        <SelectFieldstyles__OptionsContainer>
          <SelectFieldstyles__Option
            checked={false}
            data-label="mock1"
            data-value="1"
            focused={false}
            key="126"
            onClick={[Function]}
            value="1"
          >
            mock1
          </SelectFieldstyles__Option>
          <SelectFieldstyles__Option
            checked={false}
            data-label="otr2"
            data-value="2"
            focused={false}
            key="227"
            onClick={[Function]}
            value="2"
          >
            otr2
          </SelectFieldstyles__Option>
          <SelectFieldstyles__Option
            checked={false}
            data-label="mock 3"
            data-value="3"
            focused={false}
            key="328"
            label="mock 3"
            onClick={[Function]}
            value="3"
          >
            mock3
          </SelectFieldstyles__Option>
          <SelectFieldstyles__Option
            checked={false}
            data-label="mock4"
            data-value="4"
            focused={false}
            key="429"
            onClick={[Function]}
            value="4"
          >
            mock4
          </SelectFieldstyles__Option>
          <SelectFieldstyles__Option
            checked={false}
            data-label="otr5"
            data-value="5"
            focused={false}
            key="530"
            onClick={[Function]}
            value="5"
          >
            otr5
          </SelectFieldstyles__Option>
        </SelectFieldstyles__OptionsContainer>
      </SimpleDropDown>
      <SelectFieldstyles__Icon
        error={false}
        hide={false}
      />
      <SelectFieldstyles__Close
        onClick={[Function]}
        onMouseEnter={[Function]}
        show={false}
      />
    </SelectFieldstyles__Container>
  </ClickOutside>
</Fragment>
`;

exports[`Test for SelectField should render correctly with searchable 1`] = `
<Fragment>
  <GlobalStyleComponent />
  <ClickOutside
    onOutsideClick={[Function]}
  >
    <SelectFieldstyles__Container
      emptyMessage="Vazio"
      multiple={false}
      searchable={true}
      value={null}
      values={null}
    >
      <SelectFieldstyles__Hint
        visible={true}
      />
      <SimpleDropDown
        autoPosition={true}
        containerSize={false}
        customButton={
          <ForwardRef(SelectFieldstyles__InputShell)
            basic={true}
            disabled={false}
            error={false}
            onClick={[Function]}
            onFocus={[Function]}
            onKeyDown={[Function]}
            onMouseEnter={[Function]}
            onMouseLeave={[Function]}
            open={false}
            tabIndex="0"
          >
            <ForwardRef(SelectFieldstyles__Input)
              basic={true}
              disabled={false}
              multiple={false}
              onChange={[Function]}
              onFocus={[Function]}
              value=""
            />
          </ForwardRef(SelectFieldstyles__InputShell)>
        }
        hasOutsideLabel={false}
        label=""
        open={false}
        position="bottom-left"
        window={[Window]}
      >
        <SelectFieldstyles__OptionsContainer>
          <SelectFieldstyles__Option
            checked={false}
            data-label="mock1"
            data-value="1"
            focused={false}
            key="136"
            onClick={[Function]}
            value="1"
          >
            mock1
          </SelectFieldstyles__Option>
          <SelectFieldstyles__Option
            checked={false}
            data-label="otr2"
            data-value="2"
            focused={false}
            key="237"
            onClick={[Function]}
            value="2"
          >
            otr2
          </SelectFieldstyles__Option>
          <SelectFieldstyles__Option
            checked={false}
            data-label="mock 3"
            data-value="3"
            focused={false}
            key="338"
            label="mock 3"
            onClick={[Function]}
            value="3"
          >
            mock3
          </SelectFieldstyles__Option>
          <SelectFieldstyles__Option
            checked={false}
            data-label="mock4"
            data-value="4"
            focused={false}
            key="439"
            onClick={[Function]}
            value="4"
          >
            mock4
          </SelectFieldstyles__Option>
          <SelectFieldstyles__Option
            checked={false}
            data-label="otr5"
            data-value="5"
            focused={false}
            key="540"
            onClick={[Function]}
            value="5"
          >
            otr5
          </SelectFieldstyles__Option>
        </SelectFieldstyles__OptionsContainer>
      </SimpleDropDown>
      <SelectFieldstyles__Icon
        error={false}
        hide={false}
      />
      <SelectFieldstyles__Close
        onClick={[Function]}
        onMouseEnter={[Function]}
        show={false}
      />
    </SelectFieldstyles__Container>
  </ClickOutside>
</Fragment>
`;

exports[`Test for SelectField should render correctly without props 1`] = `
<Fragment>
  <GlobalStyleComponent />
  <ClickOutside
    onOutsideClick={[Function]}
  >
    <SelectFieldstyles__Container
      emptyMessage="Vazio"
      multiple={false}
      searchable={false}
      value={null}
      values={null}
    >
      <SelectFieldstyles__Hint
        visible={true}
      />
      <SimpleDropDown
        autoPosition={true}
        containerSize={false}
        customButton={
          <ForwardRef(SelectFieldstyles__InputShell)
            basic={false}
            disabled={false}
            error={false}
            onClick={[Function]}
            onFocus={[Function]}
            onKeyDown={[Function]}
            onMouseEnter={[Function]}
            onMouseLeave={[Function]}
            open={false}
            tabIndex="0"
          >
            <ForwardRef(SelectFieldstyles__Input)
              basic={false}
              disabled={false}
              multiple={false}
              onChange={[Function]}
              onFocus={[Function]}
              value=""
            />
          </ForwardRef(SelectFieldstyles__InputShell)>
        }
        hasOutsideLabel={false}
        label=""
        open={false}
        position="bottom-left"
        window={[Window]}
      >
        <SelectFieldstyles__OptionsContainer>
          <SelectFieldstyles__Option
            checked={false}
            data-label="mock1"
            data-value="1"
            focused={false}
            key="11"
            onClick={[Function]}
            value="1"
          >
            mock1
          </SelectFieldstyles__Option>
          <SelectFieldstyles__Option
            checked={false}
            data-label="otr2"
            data-value="2"
            focused={false}
            key="22"
            onClick={[Function]}
            value="2"
          >
            otr2
          </SelectFieldstyles__Option>
          <SelectFieldstyles__Option
            checked={false}
            data-label="mock 3"
            data-value="3"
            focused={false}
            key="33"
            label="mock 3"
            onClick={[Function]}
            value="3"
          >
            mock3
          </SelectFieldstyles__Option>
          <SelectFieldstyles__Option
            checked={false}
            data-label="mock4"
            data-value="4"
            focused={false}
            key="44"
            onClick={[Function]}
            value="4"
          >
            mock4
          </SelectFieldstyles__Option>
          <SelectFieldstyles__Option
            checked={false}
            data-label="otr5"
            data-value="5"
            focused={false}
            key="55"
            onClick={[Function]}
            value="5"
          >
            otr5
          </SelectFieldstyles__Option>
        </SelectFieldstyles__OptionsContainer>
      </SimpleDropDown>
      <SelectFieldstyles__Icon
        error={false}
        hide={false}
      />
      <SelectFieldstyles__Close
        onClick={[Function]}
        onMouseEnter={[Function]}
        show={false}
      />
    </SelectFieldstyles__Container>
  </ClickOutside>
</Fragment>
`;
